Apache 1 codes 2 strict-rejected blocks 0 template-rejected blocks 0 tar problems 0 0 s
R76B2_library_Apache {"blocks": 1, "unique_codes": 2, "blocks_rejected_strict": 0, "blocks_rejected_template": 0, "tar_member_problems": 0} 0 s
Linux 1 codes 3 strict-rejected blocks 0 template-rejected blocks 0 tar problems 0 0 s
R76B2_library_Linux {"blocks": 1, "unique_codes": 3, "blocks_rejected_strict": 0, "blocks_rejected_template": 0, "tar_member_problems": 0} 0 s
Proxifier 1 codes 4 strict-rejected blocks 0 template-rejected blocks 0 tar problems 0 0 s
R76B2_library_Proxifier {"blocks": 1, "unique_codes": 4, "blocks_rejected_strict": 0, "blocks_rejected_template": 0, "tar_member_problems": 0} 1 s
Zookeeper 1 codes 3 strict-rejected blocks 0 template-rejected blocks 0 tar problems 0 0 s
R76B2_library_Zookeeper {"blocks": 1, "unique_codes": 3, "blocks_rejected_strict": 0, "blocks_rejected_template": 0, "tar_member_problems": 0} 1 s
Mac 2 codes 5 strict-rejected blocks 0 template-rejected blocks 0 tar problems 0 0 s
R76B2_library_Mac {"blocks": 2, "unique_codes": 5, "blocks_rejected_strict": 0, "blocks_rejected_template": 0, "tar_member_problems": 0} 1 s
HealthApp 3 codes 1 strict-rejected blocks 0 template-rejected blocks 0 tar problems 0 0 s
R76B2_library_HealthApp {"blocks": 3, "unique_codes": 1, "blocks_rejected_strict": 0, "blocks_rejected_template": 0, "tar_member_problems": 0} 1 s
OpenStack 3 codes 4 strict-rejected blocks 0 template-rejected blocks 0 tar problems 0 0 s
R76B2_library_OpenStack {"blocks": 3, "unique_codes": 4, "blocks_rejected_strict": 0, "blocks_rejected_template": 0, "tar_member_problems": 0} 1 s
Hadoop 4 codes 2 strict-rejected blocks 4 template-rejected blocks 0 tar problems 0 0 s
R76C_variance_Hadoop_r2 {"blocks": 4, "unique_codes": 2, "blocks_rejected_strict": 4, "blocks_rejected_template": 0, "tar_member_problems": 0} 1 s
Hadoop 4 codes 1 strict-rejected blocks 4 template-rejected blocks 0 tar problems 0 0 s
R76C_variance_Hadoop_r3 {"blocks": 4, "unique_codes": 1, "blocks_rejected_strict": 4, "blocks_rejected_template": 0, "tar_member_problems": 0} 1 s
Hadoop 4 codes 3 strict-rejected blocks 0 template-rejected blocks 0 tar problems 0 0 s
R76B2_library_Hadoop {"blocks": 4, "unique_codes": 3, "blocks_rejected_strict": 0, "blocks_rejected_template": 0, "tar_member_problems": 0} 1 s
HPC 5 codes 1 strict-rejected blocks 0 template-rejected blocks 0 tar problems 0 0 s
R76C_variance_HPC_r2 {"blocks": 5, "unique_codes": 1, "blocks_rejected_strict": 0, "blocks_rejected_template": 0, "tar_member_problems": 0} 1 s
HPC 5 codes 2 strict-rejected blocks 0 template-rejected blocks 0 tar problems 0 0 s
R76C_variance_HPC_r3 {"blocks": 5, "unique_codes": 2, "blocks_rejected_strict": 0, "blocks_rejected_template": 0, "tar_member_problems": 0} 2 s
HPC 5 codes 1 strict-rejected blocks 0 template-rejected blocks 0 tar problems 0 0 s
R76B2_library_HPC {"blocks": 5, "unique_codes": 1, "blocks_rejected_strict": 0, "blocks_rejected_template": 0, "tar_member_problems": 0} 2 s
OpenSSH 7 codes 2 strict-rejected blocks 0 template-rejected blocks 0 tar problems 0 0 s
R76B2_library_OpenSSH {"blocks": 7, "unique_codes": 2, "blocks_rejected_strict": 0, "blocks_rejected_template": 0, "tar_member_problems": 0} 2 s
Calgary 8 codes 0 strict-rejected blocks 0 template-rejected blocks 0 tar problems 0 0 s
R76G_unseen_Calgary_r1 {"blocks": 8, "unique_codes": 0, "blocks_rejected_strict": 0, "blocks_rejected_template": 0, "tar_member_problems": 0} 2 s
Android 16 codes 4 strict-rejected blocks 0 template-rejected blocks 0 tar problems 0 1 s
R76B2_library_Android {"blocks": 16, "unique_codes": 4, "blocks_rejected_strict": 0, "blocks_rejected_template": 0, "tar_member_problems": 0} 3 s
ClarkNet 17 codes 1 strict-rejected blocks 0 template-rejected blocks 0 tar problems 0 1 s
R76G_unseen_ClarkNet_r1 {"blocks": 17, "unique_codes": 1, "blocks_rejected_strict": 0, "blocks_rejected_template": 0, "tar_member_problems": 0} 3 s
NASA 19 codes 1 strict-rejected blocks 0 template-rejected blocks 0 tar problems 0 0 s
R76G_unseen_NASA_r1 {"blocks": 19, "unique_codes": 1, "blocks_rejected_strict": 0, "blocks_rejected_template": 0, "tar_member_problems": 0} 4 s
USask 25 codes 1 strict-rejected blocks 0 template-rejected blocks 0 tar problems 0 0 s
R76G_unseen_USask_r1 {"blocks": 25, "unique_codes": 1, "blocks_rejected_strict": 0, "blocks_rejected_template": 0, "tar_member_problems": 0} 4 s
BGL 48 codes 2 strict-rejected blocks 0 template-rejected blocks 0 tar problems 0 1 s
R76B2_library_BGL {"blocks": 48, "unique_codes": 2, "blocks_rejected_strict": 0, "blocks_rejected_template": 0, "tar_member_problems": 0} 5 s
HDFS 112 codes 0 strict-rejected blocks 0 template-rejected blocks 0 tar problems 0 4 s
R76C_variance_HDFS_r2 {"blocks": 112, "unique_codes": 0, "blocks_rejected_strict": 0, "blocks_rejected_template": 0, "tar_member_problems": 0} 9 s
HDFS 112 codes 0 strict-rejected blocks 0 template-rejected blocks 0 tar problems 0 3 s
R76C_variance_HDFS_r3 {"blocks": 112, "unique_codes": 0, "blocks_rejected_strict": 0, "blocks_rejected_template": 0, "tar_member_problems": 0} 12 s
HDFS 112 codes 1 strict-rejected blocks 0 template-rejected blocks 0 tar problems 0 4 s
R76B2_library_HDFS {"blocks": 112, "unique_codes": 1, "blocks_rejected_strict": 0, "blocks_rejected_template": 0, "tar_member_problems": 0} 17 s
Spark 333 codes 4 strict-rejected blocks 289 template-rejected blocks 0 tar problems 0 4 s
R76C_variance_Spark_r2 {"blocks": 333, "unique_codes": 4, "blocks_rejected_strict": 289, "blocks_rejected_template": 0, "tar_member_problems": 0} 21 s
Spark 333 codes 2 strict-rejected blocks 289 template-rejected blocks 0 tar problems 0 3 s
R76C_variance_Spark_r3 {"blocks": 333, "unique_codes": 2, "blocks_rejected_strict": 289, "blocks_rejected_template": 0, "tar_member_problems": 0} 24 s
Spark 333 codes 4 strict-rejected blocks 0 template-rejected blocks 0 tar problems 0 11 s
R76B2_library_Spark {"blocks": 333, "unique_codes": 4, "blocks_rejected_strict": 0, "blocks_rejected_template": 0, "tar_member_problems": 0} 34 s
Windows 1147 codes 1 strict-rejected blocks 0 template-rejected blocks 0 tar problems 0 4 s
R76B2_library_Windows {"blocks": 1147, "unique_codes": 1, "blocks_rejected_strict": 0, "blocks_rejected_template": 0, "tar_member_problems": 0} 38 s
Thunderbird 2113 codes 2 strict-rejected blocks 0 template-rejected blocks 0 tar problems 0 67 s
R76B2_library_Thunderbird {"blocks": 2113, "unique_codes": 2, "blocks_rejected_strict": 0, "blocks_rejected_template": 0, "tar_member_problems": 0} 105 s
{
 "R76B2_library(hand-written)": {
  "archive_sets": 16,
  "blocks": 3797,
  "blocks_rejected_strict": 0,
  "blocks_rejected_template": 0,
  "tar_member_problems": 0,
  "archive_codes_not_in_plan_check": 0
 },
 "R76C_variance": {
  "archive_sets": 8,
  "blocks": 908,
  "blocks_rejected_strict": 586,
  "blocks_rejected_template": 0,
  "tar_member_problems": 0,
  "archive_codes_not_in_plan_check": 0
 },
 "R76G_unseen": {
  "archive_sets": 4,
  "blocks": 69,
  "blocks_rejected_strict": 0,
  "blocks_rejected_template": 0,
  "tar_member_problems": 0,
  "archive_codes_not_in_plan_check": 0
 }
}
